// Jest Snapshot v1, https://goo.gl/fbAQLP

exports[`App renders correctly 1`] = `
<DocumentFragment>
  <div
    class="weather-app"
  >
    <h1>
      Weather App
    </h1>
    <h2
      class="location"
    >
      , 
    </h2>
    <div
      class="search-form"
    >
      <input
        class="search-form__input"
        placeholder="City"
        type="text"
        value=""
      />
      <input
        class="search-form__submit"
        type="submit"
        value="Search"
      />
    </div>
    <div
      class="forecast-summaries"
    />
  </div>
</DocumentFragment>
`;
