// Jest Snapshot v1, https://goo.gl/fbAQLP

exports[`Forecast Details renders correctly 1`] = `
<DocumentFragment>
  <div
    class="forecast-details"
  >
    <h3
      class="forecast-details__date"
    >
      Mon Apr 30 2018
    </h3>
    <div
      class="forecast-details__container"
    >
      <div
        class="forecast-details__max-temp"
      >
        ðŸŒ¡ Top temperature: 22Â°C
      </div>
      <div
        class="forecast-details__min-temp"
      >
        ðŸŒ¡ Minimum temperature: 12Â°C
      </div>
      <div
        class="forecast-details__humidity"
      >
        ðŸ’§ Humidity: 30%
      </div>
      <div
        class="forecast-details__wind-speed"
      >
        ðŸ’¨ Wind speed: 60mph
      </div>
      <div
        class="forecast-details__wind-direction"
      >
        ðŸ§­ Wind direction: N
      </div>
    </div>
  </div>
</DocumentFragment>
`;
