// Jest Snapshot v1, https://goo.gl/fbAQLP

exports[`Search Form renders correctly 1`] = `
<DocumentFragment>
  <div
    class="search-form"
  >
    <input
      class="search-form__input"
      placeholder="City"
      type="text"
      value="Test searchText"
    />
    <input
      class="search-form__submit"
      type="submit"
      value="Search"
    />
  </div>
</DocumentFragment>
`;
